2017 kmeans: 0.3 с
2017 ward: 0.1 с
2017 gmm: 0.3 с
2017 leiden: 0.2 с
2017 spectral: 0.1 с
2017 kefrin: 1.6 с
2017 canus: 128.7 с
2018 kmeans: 0.3 с
2018 ward: 0.1 с
2018 gmm: 0.3 с
2018 leiden: 0.2 с
2018 spectral: 0.1 с
2018 kefrin: 1.5 с
2018 canus: 128.7 с
2019 kmeans: 0.3 с
2019 ward: 0.1 с
2019 gmm: 0.3 с
2019 leiden: 0.2 с
2019 spectral: 0.1 с
2019 kefrin: 1.6 с
2019 canus: 128.2 с
2020 kmeans: 0.3 с
2020 ward: 0.1 с
2020 gmm: 0.3 с
2020 leiden: 0.2 с
2020 spectral: 0.1 с
2020 kefrin: 1.3 с
2020 canus: 119.5 с
2021 kmeans: 0.3 с
2021 ward: 0.1 с
2021 gmm: 0.3 с
2021 leiden: 0.2 с
2021 spectral: 0.1 с
2021 kefrin: 1.8 с
2021 canus: 129.9 с
2022 kmeans: 0.3 с
2022 ward: 0.1 с
2022 gmm: 0.3 с
2022 leiden: 0.3 с
2022 spectral: 0.1 с
2022 kefrin: 1.6 с
2022 canus: 129.8 с
2023 kmeans: 0.3 с
2023 ward: 0.1 с
2023 gmm: 0.3 с
2023 leiden: 0.2 с
2023 spectral: 0.1 с
2023 kefrin: 1.6 с
2023 canus: 128.9 с
2024 kmeans: 0.3 с
2024 ward: 0.1 с
2024 gmm: 0.3 с
2024 leiden: 0.2 с
2024 spectral: 0.1 с
2024 kefrin: 1.2 с
2024 canus: 116.6 с
Готово: data/clusters/1437b8158bdc; согласованное k = 6
